// Jest Snapshot v1, https://goo.gl/fbAQLP

exports[`AdminButton Render 1`] = `
<div>
  <div
    data-testid="AdminCheck"
  >
    <div
      class="css-0"
    >
      <button
        aria-label="Admin"
        class="chakra-button css-1wnmm18"
        data-testid="admin-button"
        type="button"
      >
        <svg
          fill="currentColor"
          height="1em"
          stroke="currentColor"
          stroke-width="0"
          viewBox="0 0 448 512"
          width="1em"
          xmlns="http://www.w3.org/2000/svg"
        >
          <path
            d="M400 256H152V152.9c0-39.6 31.7-72.5 71.3-72.9 40-.4 72.7 32.1 72.7 72v16c0 13.3 10.7 24 24 24h32c13.3 0 24-10.7 24-24v-16C376 68 307.5-.3 223.5 0 139.5.3 72 69.5 72 153.5V256H48c-26.5 0-48 21.5-48 48v160c0 26.5 21.5 48 48 48h352c26.5 0 48-21.5 48-48V304c0-26.5-21.5-48-48-48z"
          />
        </svg>
      </button>
    </div>
  </div>
</div>
`;
