// Jest Snapshot v1, https://goo.gl/fbAQLP

exports[`CreateCollection renders correctly 1`] = `
<div>
  <div
    class="css-q5vkps"
  >
    <div
      class="css-gmuwbf"
    >
      <h2
        class="chakra-heading css-0"
      >
        New Collection
      </h2>
    </div>
    <div
      class="css-mr3wqg"
    >
      <div
        class="css-f4ygcn"
      >
        <form
          action="#"
        >
          <div
            class="chakra-form-control css-0"
            role="group"
          >
            <label
              class="chakra-form__label css-uvho5g"
              for="name"
              id="field-:r0:-label"
            >
              Name
              <span
                aria-hidden="true"
                class="chakra-form__required-indicator css-0"
                role="presentation"
              >
                *
              </span>
            </label>
            <input
              aria-required="true"
              class="chakra-input css-0"
              id="name"
              name="name"
              placeholder="name"
              required=""
              value=""
            />
          </div>
          <div
            class="chakra-form-control css-g89h0y"
            role="group"
          >
            <label
              class="chakra-form__label css-uvho5g"
              for="symbol"
              id="field-:r1:-label"
            >
              Symbol
              <span
                aria-hidden="true"
                class="chakra-form__required-indicator css-0"
                role="presentation"
              >
                *
              </span>
            </label>
            <input
              aria-required="true"
              class="chakra-input css-0"
              id="symbol"
              name="symbol"
              placeholder="symbol"
              required=""
              value=""
            />
          </div>
          <div
            class="css-g89h0y"
          >
            <label
              class="chakra-form__label css-uvho5g"
            >
              Royalties
            </label>
            <div
              class="css-bj7zsy"
            >
              <div
                class="css-6gs9hh"
              >
                <div
                  class="chakra-form-control css-0"
                  role="group"
                >
                  <input
                    class="chakra-input css-0"
                    id="royalties[0].receiver"
                    name="royalties[0].receiver"
                    placeholder="Receiver"
                    value=""
                  />
                </div>
              </div>
              <div
                class="css-17xejub"
              />
              <div
                class="css-ufscxh"
              >
                <div
                  class="chakra-form-control css-0"
                  role="group"
                >
                  <div
                    class="chakra-numberinput css-e69dqy"
                  >
                    <input
                      aria-readonly="false"
                      aria-required="false"
                      aria-valuemax="100"
                      aria-valuemin="0"
                      autocomplete="off"
                      autocorrect="off"
                      class="chakra-numberinput__field css-8atqhb"
                      id="royalties[0].share"
                      inputmode="decimal"
                      name="royalties[0].share"
                      pattern="[0-9]*(.[0-9]+)?"
                      placeholder="Share (%)"
                      role="spinbutton"
                      type="text"
                      value=""
                    />
                  </div>
                </div>
              </div>
              <div
                class="css-8tf3yw"
              >
                <div
                  class="css-cse5we"
                >
                  <svg
                    aria-label="remove-royalty"
                    fill="#FF4500"
                    height="80%"
                    stroke="currentColor"
                    stroke-width="0"
                    viewBox="0 0 24 24"
                    width="80%"
                    xmlns="http://www.w3.org/2000/svg"
                  >
                    <path
                      d="M0 0h24v24H0z"
                      fill="none"
                    />
                    <path
                      d="M6 19c0 1.1.9 2 2 2h8c1.1 0 2-.9 2-2V7H6v12zM19 4h-3.5l-1-1h-5l-1 1H5v2h14V4z"
                    />
                  </svg>
                </div>
              </div>
            </div>
            <div
              class="css-98x68k"
            >
              <div
                class="css-913hcs"
              >
                <svg
                  aria-label="add-royalty"
                  baseProfile="tiny"
                  fill="#228B22"
                  height="100%"
                  stroke="currentColor"
                  stroke-width="0"
                  version="1.2"
                  viewBox="0 0 24 24"
                  width="100%"
                  xmlns="http://www.w3.org/2000/svg"
                >
                  <path
                    d="M18 10h-4v-4c0-1.104-.896-2-2-2s-2 .896-2 2l.071 4h-4.071c-1.104 0-2 .896-2 2s.896 2 2 2l4.071-.071-.071 4.071c0 1.104.896 2 2 2s2-.896 2-2v-4.071l4 .071c1.104 0 2-.896 2-2s-.896-2-2-2z"
                  />
                </svg>
              </div>
            </div>
          </div>
          <div
            class="css-19twi6u"
          >
            <div
              class="css-gmuwbf"
            >
              <div
                class="css-1l9qw8v"
              />
            </div>
            <div
              class="css-f4ygcn"
            >
              <div
                class="chakra-stack css-17ftfu3"
              >
                <div
                  class="css-yk4jyz"
                >
                  <div
                    class="css-gmuwbf"
                  >
                    <h2
                      class="chakra-heading css-0"
                    >
                      Nft #
                      0
                    </h2>
                    <div
                      class="css-cse5we"
                    >
                      <svg
                        aria-label="remove-nft"
                        fill="#FF4500"
                        height="100%"
                        stroke="currentColor"
                        stroke-width="0"
                        style="margin-left: 1vw;"
                        viewBox="0 0 24 24"
                        width="100%"
                        xmlns="http://www.w3.org/2000/svg"
                      >
                        <path
                          d="M0 0h24v24H0z"
                          fill="none"
                        />
                        <path
                          d="M6 19c0 1.1.9 2 2 2h8c1.1 0 2-.9 2-2V7H6v12zM19 4h-3.5l-1-1h-5l-1 1H5v2h14V4z"
                        />
                      </svg>
                    </div>
                  </div>
                  <div
                    class="css-gmuwbf"
                  >
                    <i
                      class="chakra-text css-1fa2p9l"
                    >
                      Note: Using the charachter
                       
                      <b
                        class="chakra-text css-0"
                      >
                        {id}
                      </b>
                       in the name or description will be replaced by the NFT id
                    </i>
                  </div>
                  <div
                    class="chakra-form-control css-0"
                    role="group"
                  >
                    <label
                      class="chakra-form__label css-uvho5g"
                      for="image"
                      id="field-:r4:-label"
                    >
                      Image
                      <span
                        aria-hidden="true"
                        class="chakra-form__required-indicator css-0"
                        role="presentation"
                      >
                        *
                      </span>
                    </label>
                    <div
                      class="chakra-aspect-ratio css-oj014t"
                    >
                      <div
                        class="chakra-input__group css-bx0blc"
                        data-group="true"
                      >
                        <input
                          accept="image/*"
                          data-testid="image-input"
                          id="image"
                          placeholder="image"
                          style="display: none;"
                          type="file"
                        />
                        <img
                          class="chakra-image css-glhh6s"
                          data-testid="image-placeholder"
                          src="placeholder.png"
                        />
                      </div>
                    </div>
                  </div>
                  <div
                    class="chakra-form-control css-0"
                    role="group"
                  >
                    <label
                      class="chakra-form__label css-uvho5g"
                      for="name"
                      id="field-:r5:-label"
                    >
                      Name
                      <span
                        aria-hidden="true"
                        class="chakra-form__required-indicator css-0"
                        role="presentation"
                      >
                        *
                      </span>
                    </label>
                    <input
                      aria-required="true"
                      class="chakra-input css-0"
                      id="nfts.0.name"
                      name="nfts.0.name"
                      placeholder="name"
                      required=""
                      value=""
                    />
                  </div>
                  <div
                    class="chakra-form-control css-0"
                    role="group"
                  >
                    <label
                      class="chakra-form__label css-uvho5g"
                      for="description"
                      id="field-:r6:-label"
                    >
                      Description
                      <span
                        aria-hidden="true"
                        class="chakra-form__required-indicator css-0"
                        role="presentation"
                      >
                        *
                      </span>
                    </label>
                    <input
                      aria-required="true"
                      class="chakra-input css-0"
                      id="nfts.0.description"
                      name="nfts.0.description"
                      placeholder="description"
                      required=""
                      value=""
                    />
                  </div>
                  <div
                    class="css-g89h0y"
                  >
                    <label
                      class="chakra-form__label css-uvho5g"
                    >
                      Attributes
                    </label>
                    <div
                      class="css-bj7zsy"
                    >
                      <div
                        class="css-1ttywp7"
                      >
                        <div
                          class="chakra-form-control css-0"
                          role="group"
                        >
                          <input
                            class="chakra-input css-0"
                            id="nfts[0].attributes[0].trait_type"
                            name="nfts[0].attributes[0].trait_type"
                            placeholder="trait type"
                            value=""
                          />
                        </div>
                      </div>
                      <div
                        class="css-17xejub"
                      />
                      <div
                        class="css-1ttywp7"
                      >
                        <div
                          class="chakra-form-control css-0"
                          role="group"
                        >
                          <input
                            class="chakra-input css-0"
                            id="nfts[0]-attributes[0].value"
                            name="nfts[0].attributes[0].value"
                            placeholder="value"
                            value=""
                          />
                        </div>
                      </div>
                      <div
                        class="css-8tf3yw"
                      >
                        <div
                          class="css-cse5we"
                        >
                          <svg
                            aria-label="remove-attribute"
                            fill="#FF4500"
                            height="80%"
                            stroke="currentColor"
                            stroke-width="0"
                            viewBox="0 0 24 24"
                            width="80%"
                            xmlns="http://www.w3.org/2000/svg"
                          >
                            <path
                              d="M0 0h24v24H0z"
                              fill="none"
                            />
                            <path
                              d="M6 19c0 1.1.9 2 2 2h8c1.1 0 2-.9 2-2V7H6v12zM19 4h-3.5l-1-1h-5l-1 1H5v2h14V4z"
                            />
                          </svg>
                        </div>
                      </div>
                    </div>
                    <div
                      class="css-98x68k"
                    >
                      <div
                        class="css-913hcs"
                      >
                        <svg
                          aria-label="add-attribute"
                          baseProfile="tiny"
                          fill="#228B22"
                          height="100%"
                          stroke="currentColor"
                          stroke-width="0"
                          version="1.2"
                          viewBox="0 0 24 24"
                          width="100%"
                          xmlns="http://www.w3.org/2000/svg"
                        >
                          <path
                            d="M18 10h-4v-4c0-1.104-.896-2-2-2s-2 .896-2 2l.071 4h-4.071c-1.104 0-2 .896-2 2s.896 2 2 2l4.071-.071-.071 4.071c0 1.104.896 2 2 2s2-.896 2-2v-4.071l4 .071c1.104 0 2-.896 2-2s-.896-2-2-2z"
                          />
                        </svg>
                      </div>
                    </div>
                  </div>
                </div>
                <button
                  type="button"
                />
              </div>
            </div>
            <div
              class="css-gmuwbf"
            >
              <div
                class="css-913hcs"
              >
                <svg
                  aria-label="add-nft"
                  baseProfile="tiny"
                  fill="#228B22"
                  height="2.5vw"
                  stroke="currentColor"
                  stroke-width="0"
                  style="width: 5vw;"
                  version="1.2"
                  viewBox="0 0 24 24"
                  width="2.5vw"
                  xmlns="http://www.w3.org/2000/svg"
                >
                  <path
                    d="M18 10h-4v-4c0-1.104-.896-2-2-2s-2 .896-2 2l.071 4h-4.071c-1.104 0-2 .896-2 2s.896 2 2 2l4.071-.071-.071 4.071c0 1.104.896 2 2 2s2-.896 2-2v-4.071l4 .071c1.104 0 2-.896 2-2s-.896-2-2-2z"
                  />
                </svg>
              </div>
            </div>
          </div>
          <div
            class="css-gmuwbf"
          >
            <button
              class="chakra-button css-187rakm"
              data-testid="onClick-button"
              style="white-space: initial;"
              type="submit"
            >
              Create Collection
            </button>
          </div>
        </form>
      </div>
    </div>
  </div>
</div>
`;
